[2m1:13:10 pm[22m [31m[1m[vite][22m[39m [31m[2m(client)[22m[39m [2m[console.error] [22m[vite] Failed to reload /src/App.css. This could be due to syntax errors or importing non-existent modules. (see errors above)
[2m1:13:10 pm[22m [31m[1m[vite][22m[39m [31m[2m(client)[22m[39m [2m[console.error] [22m[vite] Failed to reload /src/App.css. This could be due to syntax errors or importing non-existent modules. (see errors above)
[2m1:14:45 pm[22m [31m[1m[vite][22m[39m [31m[2m(client)[22m[39m [2m[console.error] [22m[vite] Failed to reload /src/index.css. This could be due to syntax errors or importing non-existent modules. (see errors above)
[2m1:14:45 pm[22m [31m[1m[vite][22m[39m [31m[2m(client)[22m[39m [2m[console.error] [22m[vite] Failed to reload /src/index.css. This could be due to syntax errors or importing non-existent modules. (see errors above)
[2m1:21:21 pm[22m [31m[1m[vite][22m[39m [31m[2m(client)[22m[39m [2m[console.error] [22m[vite] Failed to reload /src/components/ChartPanels.jsx. This could be due to syntax errors or importing non-existent modules. (see errors above)
[2m1:21:21 pm[22m [31m[1m[vite][22m[39m [31m[2m(client)[22m[39m [2m[console.error] [22m[vite] Failed to reload /src/components/ChartPanels.jsx. This could be due to syntax errors or importing non-existent modules. (see errors above)
[2m1:21:21 pm[22m [31m[1m[vite][22m[39m [31m[2m(client)[22m[39m [2m[console.error] [22m[vite] Failed to reload /src/components/ChartPanels.jsx. This could be due to syntax errors or importing non-existent modules. (see errors above)
[2m2:24:47 pm[22m [31m[1m[vite][22m[39m [31m[2m(client)[22m[39m [2m[console.error] [22m[vite] Failed to reload /src/index.css. This could be due to syntax errors or importing non-existent modules. (see errors above)
[2m2:24:47 pm[22m [31m[1m[vite][22m[39m [31m[2m(client)[22m[39m [2m[console.error] [22m[vite] Failed to reload /src/index.css. This could be due to syntax errors or importing non-existent modules. (see errors above)
[2m2:24:47 pm[22m [31m[1m[vite][22m[39m [31m[2m(client)[22m[39m [2m[console.error] [22m[vite] Failed to reload /src/index.css. This could be due to syntax errors or importing non-existent modules. (see errors above)
[2m2:29:35 pm[22m [31m[1m[vite][22m[39m [31m[2m(client)[22m[39m [2m[console.error] [22m[vite] Failed to reload /src/App.css. This could be due to syntax errors or importing non-existent modules. (see errors above)
[2m2:29:35 pm[22m [31m[1m[vite][22m[39m [31m[2m(client)[22m[39m [2m[console.error] [22m[vite] Failed to reload /src/App.css. This could be due to syntax errors or importing non-existent modules. (see errors above)
[2m2:29:35 pm[22m [31m[1m[vite][22m[39m [31m[2m(client)[22m[39m [2m[console.error] [22m[vite] Failed to reload /src/App.css. This could be due to syntax errors or importing non-existent modules. (see errors above)
[2m2:49:03 pm[22m [31m[1m[vite][22m[39m [31mInternal server error: Transform failed with 1 error:

[31m[PARSE_ERROR] [0mEmpty parenthesized expression
     [38;5;246m╭[0m[38;5;246m─[0m[38;5;246m[[0m src/components/ChartPanels.jsx:412:25 [38;5;246m][0m
     [38;5;246m│[0m
 [38;5;246m412 │[0m ╭─▶ [38;5;249m [0m[38;5;249m [0m[38;5;249m [0m[38;5;249m [0m[38;5;249m [0m[38;5;249m [0m[38;5;249m [0m[38;5;249m [0m[38;5;249m [0m[38;5;249m [0m[38;5;249m{[0m[38;5;249ma[0m[38;5;249mc[0m[38;5;249mt[0m[38;5;249mi[0m[38;5;249mv[0m[38;5;249me[0m[38;5;249mP[0m[38;5;249mo[0m[38;5;249ms[0m[38;5;249mt[0m[38;5;249m [0m[38;5;249m?[0m[38;5;249m [0m(
 [38;5;240m    ┆[0m ┆   
 [38;5;246m416 │[0m ├─▶           )[38;5;249m [0m[38;5;249m:[0m[38;5;249m [0m[38;5;249mn[0m[38;5;249mu[0m[38;5;249ml[0m[38;5;249ml[0m[38;5;249m}[0m
 [38;5;240m    │[0m │                         
 [38;5;240m    │[0m ╰───────────────────────── 
[38;5;246m─────╯[0m
[39m
  Plugin: [35mvite:oxc[39m
  File: [36mC:/Users/mpexciseiccc2/New folder/SocialAnalytics/frontend/src/components/ChartPanels.jsx[39m
      at transformWithOxc (file:///C:/Users/mpexciseiccc2/New%20folder/SocialAnalytics/frontend/node_modules/vite/dist/node/chunks/node.js:3344:19)
      at TransformPluginContext.transform (file:///C:/Users/mpexciseiccc2/New%20folder/SocialAnalytics/frontend/node_modules/vite/dist/node/chunks/node.js:3415:26)
      at EnvironmentPluginContainer.transform (file:///C:/Users/mpexciseiccc2/New%20folder/SocialAnalytics/frontend/node_modules/vite/dist/node/chunks/node.js:30369:51)
      at async loadAndTransform (file:///C:/Users/mpexciseiccc2/New%20folder/SocialAnalytics/frontend/node_modules/vite/dist/node/chunks/node.js:24628:26)
      at async viteTransformMiddleware (file:///C:/Users/mpexciseiccc2/New%20folder/SocialAnalytics/frontend/node_modules/vite/dist/node/chunks/node.js:24422:20)
[2m2:49:03 pm[22m [31m[1m[vite][22m[39m [31m[2m(client)[22m[39m [2m[console.error] [22m[vite] Failed to reload /src/components/ChartPanels.jsx. This could be due to syntax errors or importing non-existent modules. (see errors above)
[2m2:49:03 pm[22m [31m[1m[vite][22m[39m [31mInternal server error: Transform failed with 1 error:

[31m[PARSE_ERROR] [0mEmpty parenthesized expression
     [38;5;246m╭[0m[38;5;246m─[0m[38;5;246m[[0m src/components/ChartPanels.jsx:412:25 [38;5;246m][0m
     [38;5;246m│[0m
 [38;5;246m412 │[0m ╭─▶ [38;5;249m [0m[38;5;249m [0m[38;5;249m [0m[38;5;249m [0m[38;5;249m [0m[38;5;249m [0m[38;5;249m [0m[38;5;249m [0m[38;5;249m [0m[38;5;249m [0m[38;5;249m{[0m[38;5;249ma[0m[38;5;249mc[0m[38;5;249mt[0m[38;5;249mi[0m[38;5;249mv[0m[38;5;249me[0m[38;5;249mP[0m[38;5;249mo[0m[38;5;249ms[0m[38;5;249mt[0m[38;5;249m [0m[38;5;249m?[0m[38;5;249m [0m(
 [38;5;240m    ┆[0m ┆   
 [38;5;246m416 │[0m ├─▶           )[38;5;249m [0m[38;5;249m:[0m[38;5;249m [0m[38;5;249mn[0m[38;5;249mu[0m[38;5;249ml[0m[38;5;249ml[0m[38;5;249m}[0m
 [38;5;240m    │[0m │                         
 [38;5;240m    │[0m ╰───────────────────────── 
[38;5;246m─────╯[0m
[39m
  Plugin: [35mvite:oxc[39m
  File: [36mC:/Users/mpexciseiccc2/New folder/SocialAnalytics/frontend/src/components/ChartPanels.jsx[39m
      at transformWithOxc (file:///C:/Users/mpexciseiccc2/New%20folder/SocialAnalytics/frontend/node_modules/vite/dist/node/chunks/node.js:3344:19)
      at TransformPluginContext.transform (file:///C:/Users/mpexciseiccc2/New%20folder/SocialAnalytics/frontend/node_modules/vite/dist/node/chunks/node.js:3415:26)
      at EnvironmentPluginContainer.transform (file:///C:/Users/mpexciseiccc2/New%20folder/SocialAnalytics/frontend/node_modules/vite/dist/node/chunks/node.js:30369:51)
      at async loadAndTransform (file:///C:/Users/mpexciseiccc2/New%20folder/SocialAnalytics/frontend/node_modules/vite/dist/node/chunks/node.js:24628:26)
      at async viteTransformMiddleware (file:///C:/Users/mpexciseiccc2/New%20folder/SocialAnalytics/frontend/node_modules/vite/dist/node/chunks/node.js:24422:20)
[2m2:49:03 pm[22m [31m[1m[vite][22m[39m [31m[2m(client)[22m[39m [2m[console.error] [22m[vite] Failed to reload /src/components/ChartPanels.jsx. This could be due to syntax errors or importing non-existent modules. (see errors above)
[2m2:53:18 pm[22m [31m[1m[vite][22m[39m [31mInternal server error: Transform failed with 2 errors:

[31m[PARSE_ERROR] [0mUnterminated regular expression
     [38;5;246m╭[0m[38;5;246m─[0m[38;5;246m[[0m src/components/ChartPanels.jsx:374:19 [38;5;246m][0m
     [38;5;246m│[0m
 [38;5;246m374 │[0m [38;5;249m [0m[38;5;249m [0m[38;5;249m [0m[38;5;249m [0m[38;5;249m [0m[38;5;249m [0m[38;5;249m<[0m[38;5;249m/[0m[38;5;249ms[0m[38;5;249me[0m[38;5;249mc[0m[38;5;249mt[0m[38;5;249mi[0m[38;5;249mo[0m[38;5;249mn[0m[38;5;249m>[0m[38;5;249m [0m[38;5;249m*[0m/}
 [38;5;240m    │[0m                   ─┬─  
 [38;5;240m    │[0m                    ╰─── 
[38;5;246m─────╯[0m

[31m[PARSE_ERROR] [0mExpected corresponding JSX closing tag for 'div'.
     [38;5;246m╭[0m[38;5;246m─[0m[38;5;246m[[0m src/components/ChartPanels.jsx:374:9 [38;5;246m][0m
     [38;5;246m│[0m
 [38;5;246m297 │[0m [38;5;249m [0m[38;5;249m [0m[38;5;249m [0m[38;5;249m [0m[38;5;249m<[0mdiv[38;5;249m [0m[38;5;249mc[0m[38;5;249ml[0m[38;5;249ma[0m[38;5;249ms[0m[38;5;249ms[0m[38;5;249mN[0m[38;5;249ma[0m[38;5;249mm[0m[38;5;249me[0m[38;5;249m=[0m[38;5;249m"[0m[38;5;249mg[0m[38;5;249mr[0m[38;5;249mi[0m[38;5;249md[0m[38;5;249m [0m[38;5;249mg[0m[38;5;249ma[0m[38;5;249mp[0m[38;5;249m-[0m[38;5;249m4[0m[38;5;249m [0m[38;5;249mm[0m[38;5;249md[0m[38;5;249m:[0m[38;5;249mg[0m[38;5;249mr[0m[38;5;249mi[0m[38;5;249md[0m[38;5;249m-[0m[38;5;249mc[0m[38;5;249mo[0m[38;5;249ml[0m[38;5;249ms[0m[38;5;249m-[0m[38;5;249m2[0m[38;5;249m"[0m[38;5;249m>[0m
 [38;5;240m    │[0m      ─┬─  
 [38;5;240m    │[0m       ╰─── Opened here
 [38;5;240m    │[0m 
 [38;5;246m374 │[0m [38;5;249m [0m[38;5;249m [0m[38;5;249m [0m[38;5;249m [0m[38;5;249m [0m[38;5;249m [0m[38;5;249m<[0m[38;5;249m/[0msection[38;5;249m>[0m[38;5;249m [0m[38;5;249m*[0m[38;5;249m/[0m[38;5;249m}[0m
 [38;5;240m    │[0m         ───┬───  
 [38;5;240m    │[0m            ╰───── Expected `</div>`
[38;5;246m─────╯[0m
[39m
  Plugin: [35mvite:oxc[39m
  File: [36mC:/Users/mpexciseiccc2/New folder/SocialAnalytics/frontend/src/components/ChartPanels.jsx[39m
      at transformWithOxc (file:///C:/Users/mpexciseiccc2/New%20folder/SocialAnalytics/frontend/node_modules/vite/dist/node/chunks/node.js:3344:19)
      at TransformPluginContext.transform (file:///C:/Users/mpexciseiccc2/New%20folder/SocialAnalytics/frontend/node_modules/vite/dist/node/chunks/node.js:3415:26)
      at EnvironmentPluginContainer.transform (file:///C:/Users/mpexciseiccc2/New%20folder/SocialAnalytics/frontend/node_modules/vite/dist/node/chunks/node.js:30369:51)
      at async loadAndTransform (file:///C:/Users/mpexciseiccc2/New%20folder/SocialAnalytics/frontend/node_modules/vite/dist/node/chunks/node.js:24628:26)
[2m2:53:18 pm[22m [31m[1m[vite][22m[39m [31mInternal server error: Transform failed with 2 errors:

[31m[PARSE_ERROR] [0mUnterminated regular expression
     [38;5;246m╭[0m[38;5;246m─[0m[38;5;246m[[0m src/components/ChartPanels.jsx:374:19 [38;5;246m][0m
     [38;5;246m│[0m
 [38;5;246m374 │[0m [38;5;249m [0m[38;5;249m [0m[38;5;249m [0m[38;5;249m [0m[38;5;249m [0m[38;5;249m [0m[38;5;249m<[0m[38;5;249m/[0m[38;5;249ms[0m[38;5;249me[0m[38;5;249mc[0m[38;5;249mt[0m[38;5;249mi[0m[38;5;249mo[0m[38;5;249mn[0m[38;5;249m>[0m[38;5;249m [0m[38;5;249m*[0m/}
 [38;5;240m    │[0m                   ─┬─  
 [38;5;240m    │[0m                    ╰─── 
[38;5;246m─────╯[0m

[31m[PARSE_ERROR] [0mExpected corresponding JSX closing tag for 'div'.
     [38;5;246m╭[0m[38;5;246m─[0m[38;5;246m[[0m src/components/ChartPanels.jsx:374:9 [38;5;246m][0m
     [38;5;246m│[0m
 [38;5;246m297 │[0m [38;5;249m [0m[38;5;249m [0m[38;5;249m [0m[38;5;249m [0m[38;5;249m<[0mdiv[38;5;249m [0m[38;5;249mc[0m[38;5;249ml[0m[38;5;249ma[0m[38;5;249ms[0m[38;5;249ms[0m[38;5;249mN[0m[38;5;249ma[0m[38;5;249mm[0m[38;5;249me[0m[38;5;249m=[0m[38;5;249m"[0m[38;5;249mg[0m[38;5;249mr[0m[38;5;249mi[0m[38;5;249md[0m[38;5;249m [0m[38;5;249mg[0m[38;5;249ma[0m[38;5;249mp[0m[38;5;249m-[0m[38;5;249m4[0m[38;5;249m [0m[38;5;249mm[0m[38;5;249md[0m[38;5;249m:[0m[38;5;249mg[0m[38;5;249mr[0m[38;5;249mi[0m[38;5;249md[0m[38;5;249m-[0m[38;5;249mc[0m[38;5;249mo[0m[38;5;249ml[0m[38;5;249ms[0m[38;5;249m-[0m[38;5;249m2[0m[38;5;249m"[0m[38;5;249m>[0m
 [38;5;240m    │[0m      ─┬─  
 [38;5;240m    │[0m       ╰─── Opened here
 [38;5;240m    │[0m 
 [38;5;246m374 │[0m [38;5;249m [0m[38;5;249m [0m[38;5;249m [0m[38;5;249m [0m[38;5;249m [0m[38;5;249m [0m[38;5;249m<[0m[38;5;249m/[0msection[38;5;249m>[0m[38;5;249m [0m[38;5;249m*[0m[38;5;249m/[0m[38;5;249m}[0m
 [38;5;240m    │[0m         ───┬───  
 [38;5;240m    │[0m            ╰───── Expected `</div>`
[38;5;246m─────╯[0m
[39m
  Plugin: [35mvite:oxc[39m
  File: [36mC:/Users/mpexciseiccc2/New folder/SocialAnalytics/frontend/src/components/ChartPanels.jsx[39m
      at transformWithOxc (file:///C:/Users/mpexciseiccc2/New%20folder/SocialAnalytics/frontend/node_modules/vite/dist/node/chunks/node.js:3344:19)
      at TransformPluginContext.transform (file:///C:/Users/mpexciseiccc2/New%20folder/SocialAnalytics/frontend/node_modules/vite/dist/node/chunks/node.js:3415:26)
      at EnvironmentPluginContainer.transform (file:///C:/Users/mpexciseiccc2/New%20folder/SocialAnalytics/frontend/node_modules/vite/dist/node/chunks/node.js:30369:51)
      at async loadAndTransform (file:///C:/Users/mpexciseiccc2/New%20folder/SocialAnalytics/frontend/node_modules/vite/dist/node/chunks/node.js:24628:26)
[2m2:53:18 pm[22m [31m[1m[vite][22m[39m [31m[2m(client)[22m[39m [2m[console.error] [22m[vite] Failed to reload /src/components/ChartPanels.jsx. This could be due to syntax errors or importing non-existent modules. (see errors above)
[2m2:53:18 pm[22m [31m[1m[vite][22m[39m [31m[2m(client)[22m[39m [2m[console.error] [22m[vite] Failed to reload /src/components/ChartPanels.jsx. This could be due to syntax errors or importing non-existent modules. (see errors above)
